// Jest Snapshot v1, https://goo.gl/fbAQLP

exports[`PayloadsService acknowledgeTaskError gets a value returns valid response 1`] = `
[
  {
    "acknowledged_workflow_errors": "2022-09-22T12:45:13.102Z",
    "ae_title": "some-title",
    "bucket_id": "bucket",
    "id": "c5e980ff-e278-441b-af64-8630bf57b7e3",
    "input_metadata": [
      {
        "name": "",
        "value": "",
      },
    ],
    "payload_id": "041293d0-ab97-4ea1-b967-42ec62f26608",
    "start_time": "2022-09-22T12:45:13.102Z",
    "status": "Succeeded",
    "tasks": [
      {
        "acknowledged_task_errors": "2022-09-23T12:50:00.305Z",
        "execution_id": "981eca65-294a-434a-930a-b1828b54253a",
        "input_artifacts": [
          {
            "name": "",
            "value": "",
          },
        ],
        "next_timeout": "2",
        "output_artifacts": [
          {
            "name": "",
            "value": "",
          },
        ],
        "output_directory": "outputdir",
        "previous_task_id": "export-task",
        "reason": "undefined",
        "result": [
          {
            "name": "",
            "value": "",
          },
        ],
        "status": "Failed",
        "task_id": "email-task",
        "task_start_time": "2022-09-23T12:50:00.305Z",
        "task_type": "test",
        "timeout_interval": 60,
        "workflow_instance_id": "c5e980ff-e278-441b-af64-8630bf57b7e3",
      },
    ],
    "workflow_id": "fca60a4d-2932-4196-9206-cf123c82332b",
    "workflow_name": "lillie",
  },
]
`;

exports[`PayloadsService acknowledgeTaskError returns the expected result 1`] = `
{
  "acknowledged_workflow_errors": "2022-09-22T12:45:13.102Z",
  "ae_title": "some-title",
  "bucket_id": "bucket",
  "id": "c5e980ff-e278-441b-af64-8630bf57b7e3",
  "input_metadata": [
    {
      "name": "",
      "value": "",
    },
  ],
  "payload_id": "041293d0-ab97-4ea1-b967-42ec62f26608",
  "start_time": "2022-09-22T12:45:13.102Z",
  "status": "Succeeded",
  "tasks": [
    {
      "acknowledged_task_errors": "2022-09-23T12:50:00.305Z",
      "execution_id": "981eca65-294a-434a-930a-b1828b54253a",
      "input_artifacts": [
        {
          "name": "",
          "value": "",
        },
      ],
      "next_timeout": "2",
      "output_artifacts": [
        {
          "name": "",
          "value": "",
        },
      ],
      "output_directory": "outputdir",
      "previous_task_id": "export-task",
      "reason": "undefined",
      "result": [
        {
          "name": "",
          "value": "",
        },
      ],
      "status": "Failed",
      "task_id": "email-task",
      "task_start_time": "2022-09-23T12:50:00.305Z",
      "task_type": "test",
      "timeout_interval": 60,
      "workflow_instance_id": "c5e980ff-e278-441b-af64-8630bf57b7e3",
    },
  ],
  "workflow_id": "fca60a4d-2932-4196-9206-cf123c82332b",
  "workflow_name": "lillie",
}
`;
