// Jest Snapshot v1, https://goo.gl/fbAQLP

exports[`PayloadsService getPayloadExecutions returns expected result 1`] = `
[
  {
    "ae_title": "some-title",
    "id": "c5e980ff-e278-441b-af64-8630bf57b7e3",
    "payload_id": "041293d0-ab97-4ea1-b967-42ec62f26608",
    "start_time": "2022-09-22T12:45:13.102Z",
    "status": "Succeeded",
    "tasks": [
      {
        "execution_id": "981eca65-294a-434a-930a-b1828b54253a",
        "next_task": [
          {
            "execution_id": "981eca65-294a-434a-930a-b1828b54253a",
            "next_task": [
              {
                "execution_id": "981eca65-294a-434a-930a-b1828b54253a",
                "next_task": [],
                "payload_id": "041293d0-ab97-4ea1-b967-42ec62f26608",
                "status": "Suceeded",
                "task_id": "email-task",
                "task_start_time": "2022-09-23T12:50:00.305Z",
                "workflow_instance_id": "e02e3bbc-a760-4d83-8cfe-ce3a77424171",
              },
            ],
            "payload_id": "041293d0-ab97-4ea1-b967-42ec62f26608",
            "status": "Suceeded",
            "task_id": "export-task",
            "task_start_time": "2022-09-23T12:50:00.305Z",
            "workflow_instance_id": "e02e3bbc-a760-4d83-8cfe-ce3a77424171",
          },
        ],
        "payload_id": "041293d0-ab97-4ea1-b967-42ec62f26608",
        "status": "Suceeded",
        "task_id": "some-special-task",
        "task_start_time": "2022-09-23T12:50:00.305Z",
        "workflow_instance_id": "e02e3bbc-a760-4d83-8cfe-ce3a77424171",
      },
    ],
    "workflow_id": "fca60a4d-2932-4196-9206-cf123c82332b",
  },
]
`;

exports[`PayloadsService getPayloads returns the expected result 1`] = `
{
  "data": [
    PayloadDTO {
      "patient_id": "1d0253c4-8fab-41df-a414-55d52e4c6c3f",
      "patient_name": "Jane Doe",
      "payload_id": "86c0f117-4021-412e-b163-0dc621df672a",
      "payload_received": "2022-08-17T12:21:10.203Z",
    },
    PayloadDTO {
      "patient_id": "",
      "patient_name": "",
      "payload_id": "30a8e0c6-e6c4-458f-aa4d-b224b493d3c0",
      "payload_received": "2022-08-17T12:21:10.203Z",
    },
    PayloadDTO {
      "patient_id": "fd1bebf4-d690-4fc5-a0d8-4fd4701ff4c9",
      "patient_name": "Steve Jobs",
      "payload_id": "c5c3636b-81dd-44a9-8c4b-71adec7d47b2",
      "payload_received": "2022-08-17T12:21:10.2Z",
    },
  ],
  "firstPage": "//payload?pageNumber=1&pageSize=10",
  "lastPage": "//payload?pageNumber=1&pageSize=10",
  "nextPage": null,
  "pageNumber": 1,
  "pageSize": 10,
  "previousPage": null,
  "totalPages": 1,
  "totalRecords": 3,
}
`;

exports[`PayloadsService getPayloads returns the expected result with patient name and id params 1`] = `
{
  "data": [
    PayloadDTO {
      "patient_id": "1d0253c4-8fab-41df-a414-55d52e4c6c3f",
      "patient_name": "Jane Doe",
      "payload_id": "86c0f117-4021-412e-b163-0dc621df672a",
      "payload_received": "2022-08-17T12:21:10.203Z",
    },
    PayloadDTO {
      "patient_id": "",
      "patient_name": "",
      "payload_id": "30a8e0c6-e6c4-458f-aa4d-b224b493d3c0",
      "payload_received": "2022-08-17T12:21:10.203Z",
    },
    PayloadDTO {
      "patient_id": "fd1bebf4-d690-4fc5-a0d8-4fd4701ff4c9",
      "patient_name": "Steve Jobs",
      "payload_id": "c5c3636b-81dd-44a9-8c4b-71adec7d47b2",
      "payload_received": "2022-08-17T12:21:10.2Z",
    },
  ],
  "firstPage": "//payload?pageNumber=1&pageSize=10",
  "lastPage": "//payload?pageNumber=1&pageSize=10",
  "nextPage": null,
  "pageNumber": 1,
  "pageSize": 10,
  "previousPage": null,
  "totalPages": 1,
  "totalRecords": 3,
}
`;
